../Core/Src/main.c:91:5:main	8	static
../Core/Src/main.c:179:6:SystemClock_Config	88	static
../Core/Src/main.c:227:13:MX_TIM2_Init	48	static
../Core/Src/main.c:280:13:MX_USART2_UART_Init	8	static
../Core/Src/main.c:313:13:MX_GPIO_Init	40	static
../Core/Src/main.c:351:6:HAL_GPIO_EXTI_Callback	16	static
../Core/Src/main.c:376:6:HAL_UART_RxCpltCallback	24	static
../Core/Src/main.c:412:6:StartSERVOTask	24	static
../Core/Src/main.c:459:9:HAL_TIM_PeriodElapsedCallback	16	static
../Core/Src/main.c:477:9:Error_Handler	4	static,ignoring_inline_asm
